[36m[2025-11-29T03:01:56.206Z] [INFO] [Database] Creating new Prisma Client instance[0m
[31m[2025-11-29T03:01:56.264Z] [ERROR] [UncaughtException] Uncaught Exception
Error: Error
    at serve (unknown)
    at <anonymous> (node:_http_server:271:39)
    at <anonymous> (node:_http_server:248:33)
    at C:\Users\Kronn\OneDrive\Documentos\dev\My\financasDashboard\backend\src\index.ts:165:5
    at moduleEvaluation (unknown:1:11)
    at moduleEvaluation (unknown:1:11)
    at loadAndEvaluateModule (unknown:2)
    at processTicksAndRejections (unknown:7:39)[0m
